================================================================================
QUICK BRAND INGESTION TEST
================================================================================

[TEST 1] Loading configuration...
python.exe : Traceback (most recent call last):
Au caractère Ligne:1 : 46
+ ... e\backend ; & '.\..\\.venv\Scripts\python.exe' quick_test.py 2>&1 | T ...
+                 ~~~~~~~~~~~~~~~~~~~~~~~~~~~~~~~~~~~~~~~~~~~~~~~~~~~~~
    + CategoryInfo          : NotSpecified: (Traceback (most recent call last)::String) [], Remot 
   eException
    + FullyQualifiedErrorId : NativeCommandError
 
  File "C:\Users\melli\glam-fincommerce\backend\quick_test.py", line 12, in <module>
    print(f"\u2705 Config loaded")
  File "C:\Users\melli\AppData\Local\Programs\Python\Python311\Lib\encodings\cp1252.py", line 19, 
in encode
    return codecs.charmap_encode(input,self.errors,encoding_table)[0]
           ^^^^^^^^^^^^^^^^^^^^^^^^^^^^^^^^^^^^^^^^^^^^^^^^^^^^^^^
UnicodeEncodeError: 'charmap' codec can't encode character '\u2705' in position 0: character maps 
to <undefined>

During handling of the above exception, another exception occurred:

Traceback (most recent call last):
  File "C:\Users\melli\glam-fincommerce\backend\quick_test.py", line 16, in <module>
    print(f"\u274c Config failed: {e}")
  File "C:\Users\melli\AppData\Local\Programs\Python\Python311\Lib\encodings\cp1252.py", line 19, 
in encode
    return codecs.charmap_encode(input,self.errors,encoding_table)[0]
           ^^^^^^^^^^^^^^^^^^^^^^^^^^^^^^^^^^^^^^^^^^^^^^^^^^^^^^^
UnicodeEncodeError: 'charmap' codec can't encode character '\u274c' in position 0: character maps 
to <undefined>
